# CBD – Lab201 – Tomás Santos Fernandes


# MongoDB Main Commands 



### 2. **Database Management**
   - **`show dbs`**: Lists all available databases.
cbd> show dbs
admin    40.00 KiB
cbd     624.00 KiB
config  108.00 KiB
local    72.00 KiB


   - **`use <database_name>`**: Switches to a specific database (or creates it if it doesn’t exist).
```bash
cbd> use cbd
already on db cbd
```

   - **`db.dropDatabase()`**: Deletes the currently selected database.


### 3. **Collection Management**
   - **`show collections`**: Lists all collections in the current database.

```bash
cbd> show collections
restaurants
```

   - **`db.createCollection("<collection_name>")`**: Creates a new collection.

```bash
cbd> db.createCollection("firstCollection")
{ ok: 1 }
```

   - **`db.<collection_name>.drop()`**: Drops a specific collection.

```bash
cbd> db.firstCollection.drop()
true
```


### 4. **Document Management**
   - **`db.<collection_name>.insertOne({ ... })`**: Inserts a single document into a collection.

```bash
cbd> db.createCollection("person_details")
{ ok: 1 }
cbd> db.person_details.insertOne({name: "Tomás", age: 20})
{
  acknowledged: true,
  insertedId: ObjectId('66fe81d802db9d49ff964033')
}
```

   - **`db.<collection_name>.insertMany([{ ... }, { ... }])`**: Inserts multiple documents into a collection.
```bash
cbd> db.person_details.insertMany({name: "Rui", age: 55}, {name: "João", age: 22}, {name: "Joana", age: 24})
MongoInvalidArgumentError: Argument "docs" must be an array of documents
cbd> db.person_details.insertMany([{name: "Rui", age: 55}, {name: "João", age: 22}, {name: "Joana", age: 24}])
{
  acknowledged: true,
  insertedIds: {
    '0': ObjectId('66fe823c02db9d49ff964034'),
    '1': ObjectId('66fe823c02db9d49ff964035'),
    '2': ObjectId('66fe823c02db9d49ff964036')
  }
}
```

   - **`db.<collection_name>.find()`**: Retrieves all documents in a collection.
```bash
cbd> db.person_details.find()
[
  { _id: ObjectId('66fe81d802db9d49ff964033'), name: 'Tomás', age: 20 },
  { _id: ObjectId('66fe823c02db9d49ff964034'), name: 'Rui', age: 55 },
  { _id: ObjectId('66fe823c02db9d49ff964035'), name: 'João', age: 22 },
  { _id: ObjectId('66fe823c02db9d49ff964036'), name: 'Joana', age: 24 }
]
```

   - **`db.<collection_name>.findOne({ ... })`**: Retrieves a single document matching the query.
```bash
cbd> db.person_details.findOne({name: Rui})
ReferenceError: Rui is not defined
cbd> db.person_details.findOne({name: "Rui"})
{ _id: ObjectId('66fe823c02db9d49ff964034'), name: 'Rui', age: 55 }
```

   - **`db.<collection_name>.updateOne({ ... }, { $set: { ... }})`**: Updates a single document.
```bash
cbd> db.person_details.updateOne({name: "João"}, { $set: {age: 70}})
{
  acknowledged: true,
  insertedId: null,
  matchedCount: 1,
  modifiedCount: 1,
  upsertedCount: 0
}
cbd> db.person_details.find()
[
  { _id: ObjectId('66fe81d802db9d49ff964033'), name: 'Tomás', age: 20 },
  { _id: ObjectId('66fe823c02db9d49ff964034'), name: 'Rui', age: 55 },
  { _id: ObjectId('66fe823c02db9d49ff964035'), name: 'João', age: 70 },
  { _id: ObjectId('66fe823c02db9d49ff964036'), name: 'Joana', age: 24 }
]
```

---

### Extra note: Parameters

### General Parameters in MongoDB Operations

1. **`<filter>` (or query)**  
   - **Purpose**: Used in operations like `find()`, `update()`, `delete()`, etc., to specify the conditions to find specific documents in a collection.
   - **Example**:
     ```javascript
     db.collection.find({ age: { $gt: 25 } })
     ```
     Here, `{ age: { $gt: 25 } }` is the filter specifying to find all documents where `age` is greater than 25.
  
2. **`<update>`**  
   - **Purpose**: Used in update operations (`updateOne()`, `updateMany()`, etc.) to define what modifications will be applied to the document(s).
   - **Example**:
     ```javascript
     db.collection.updateOne({ age: 25 }, { $set: { name: "John" } })
     ```
     This specifies to update the document matching `age: 25` and set the `name` field to `"John"`.

3. **`<projection>`**  
   - **Purpose**: Determines which fields to include or exclude in the result set when using `find()`. It defines the fields that are returned from the query.
   - **Example**:
     ```javascript
     db.collection.find({}, { name: 1, age: 1 })  // Returns only `name` and `age` fields
     ```
     To exclude a field, use `0`:
     ```javascript
     db.collection.find({}, { name: 1, age: 0 })  // Excludes `age` field
     ```

4. **`<options>`**  
   - **Purpose**: Provides additional configuration options for the query or update operation. Common options include:
     - `upsert`: If set to `true`, inserts a new document if no matching document is found (used in update operations like `updateOne()` or `updateMany()`).
     - `limit`: Limits the number of documents returned.
     - `skip`: Skips the first N documents in the result.
     - `sort`: Orders the returned documents.
     - `hint`: Specifies an index to use for the query.
     - `collation`: Specifies locale-based string comparison rules.

   **Examples**:
   - **`upsert`**: Inserts a new document if none exists with the specified filter.
     ```javascript
     db.collection.updateOne({ name: "Alice" }, { $set: { age: 30 } }, { upsert: true })
     ```
   - **`limit`**: Limits the number of documents returned.
     ```javascript
     db.collection.find({}, { limit: 5 })
     ```
   - **`sort`**: Sorts the results by a field.
     ```javascript
     db.collection.find({}, { sort: { age: 1 } })  // Sorts by ascending age
     ```

5. **`<writeConcern>`**  
   - **Purpose**: Specifies the level of acknowledgment requested from MongoDB for write operations. It controls how many nodes must acknowledge the write before it is considered successful.
   - **Common Write Concerns**:
     - `w: 1`: Wait for acknowledgment from the primary.
     - `w: "majority"`: Wait for acknowledgment from a majority of replica set members.
     - `w: 0`: No acknowledgment is required.
   - **Example**:
     ```javascript
     db.collection.insertOne({ name: "Alice" }, { writeConcern: { w: "majority" } })
     ```

6. **`<readConcern>`**  
   - **Purpose**: Specifies the consistency level for reading data from MongoDB. It determines the "freshness" of the data read.
   - **Common Read Concerns**:
     - `local`: Returns the most recent data, even if it hasn't been replicated to all nodes.
     - `majority`: Returns data that has been acknowledged by a majority of replica set members.
   - **Example**:
     ```javascript
     db.collection.find({}, { readConcern: { level: "majority" } })
     ```

7. **`<aggregation pipeline>`**  
   - **Purpose**: Used in aggregation operations to process data in stages. It is an array of stages that perform operations like filtering, grouping, sorting, projecting, etc.
   - **Example**:
     ```javascript
     db.orders.aggregate([
       { $match: { status: "completed" } },
       { $group: { _id: "$productId", total: { $sum: "$quantity" } } }
     ])
     ```
     In this example, `$match` filters the documents, and `$group` performs an aggregation to sum the quantities.

8. **`<arrayFilters>`**  
   - **Purpose**: Used in update operations to apply updates to specific elements within arrays. It allows filtering elements in an array for targeted modifications.
   - **Example**:
     ```javascript
     db.collection.updateOne(
       { orderId: 123, "items.product": "apple" },
       { $set: { "items.$.quantity": 5 } },
       { arrayFilters: [{ "item.product": "apple" }] }
     )
     ```

9. **`<hint>`**  
   - **Purpose**: Forces MongoDB to use a specific index when performing a query.
   - **Example**:
     ```javascript
     db.collection.find({ age: 25 }).hint({ age: 1 })
     ```

10. **`<collation>`**  
    - **Purpose**: Specifies the locale-based string comparison rules, which control how strings are compared (e.g., case sensitivity, diacritic sensitivity).
    - **Example**:
      ```javascript
      db.collection.find({ name: "Alice" }).collation({ locale: "en", strength: 2 })
      ```

11. **`<batchSize>`**  
    - **Purpose**: Limits the number of documents MongoDB returns in a single batch during cursor operations.
    - **Example**:
      ```javascript
      db.collection.find({}, { batchSize: 10 })
      ```
---

   - **`db.<collection_name>.updateMany({ ... }, { $set: { ... }})`**: Updates multiple documents.
```bash
cbd> db.person_details.insertOne({name: "João", age: 20})
{
  acknowledged: true,
  insertedId: ObjectId('66fe87b502db9d49ff964037')
}
cbd> db.person_details.updateMany({name: "João"}, { $set: {age: 10}})
{
  acknowledged: true,
  insertedId: null,
  matchedCount: 2,
  modifiedCount: 2,
  upsertedCount: 0
}
cbd> db.person_details.find()
[
  { _id: ObjectId('66fe81d802db9d49ff964033'), name: 'Tomás', age: 20 },
  { _id: ObjectId('66fe823c02db9d49ff964034'), name: 'Rui', age: 55 },
  { _id: ObjectId('66fe823c02db9d49ff964035'), name: 'João', age: 10 },
  { _id: ObjectId('66fe823c02db9d49ff964036'), name: 'Joana', age: 24 },
  { _id: ObjectId('66fe87b502db9d49ff964037'), name: 'João', age: 10 }
]

```
   - **`db.<collection_name>.deleteOne({ ... })`**: Deletes a single document.
   - **`db.<collection_name>.deleteMany({ ... })`**: Deletes multiple documents.

### 5. **Indexing**
   - **`db.<collection_name>.createIndex({ <field>: 1 })`**: Creates an ascending index on a specific field.
   - **`db.<collection_name>.getIndexes()`**: Lists all indexes in a collection.
   - **`db.<collection_name>.dropIndex("<index_name>")`**: Drops a specific index.

### 6. **Aggregation**
   - **`db.<collection_name>.aggregate([ ... ])`**: Runs an aggregation pipeline on a collection.

### 7. **User Management**
   - **`db.createUser({ user: "<username>", pwd: "<password>", roles: [ ... ] })`**: Creates a new user with specified roles.
   - **`db.updateUser("<username>", { roles: [ ... ] })`**: Updates the roles of an existing user.
   - **`db.dropUser("<username>")`**: Removes a user from the database.

### 8. **Administrative Commands**
   - **`db.stats()`**: Provides stats about the current database.
   - **`db.serverStatus()`**: Shows the status of the MongoDB server.
   - **`db.collection.stats()`**: Shows stats about a specific collection.

### 9. **Backup and Restore**
   - **`mongodump --db <database_name>`**: Backs up a specific database.
   - **`mongorestore --db <database_name> <backup_path>`**: Restores a database from a backup.

### 10. **Exit Mongo Shell**
   - **`exit`**: Exits the `mongosh` shell.

These commands cover basic operations like connecting to the MongoDB server, managing databases and collections, handling documents, and administrative tasks.